==========================================================================
(1) BRACKET:  is  1/h_train <= nu <= 1/h_test ?
==========================================================================
       WQ beta=1.0  N= 15000:  brackets 0/5   1/h_tr = 2.337 nu, 1/h_te = 3.609 nu
       WQ beta=1.0  N= 60000:  brackets 0/5   1/h_tr = 2.578 nu, 1/h_te = 2.768 nu
      WQ beta=1.25  N= 15000:  brackets 0/5   1/h_tr = 5.494 nu, 1/h_te = 7.858 nu
      WQ beta=1.25  N= 60000:  brackets 0/5   1/h_tr = 6.064 nu, 1/h_te = 6.639 nu
    DoubleWell b=1  N= 15000:  brackets 0/5   1/h_tr = 1.072 nu, 1/h_te = 1.148 nu
    DoubleWell b=1  N= 60000:  brackets 0/5   1/h_tr = 1.106 nu, 1/h_te = 1.118 nu
  TOTAL: 0 bracketed, 30 failed

==========================================================================
(2) REGULARIZER: halfset-eigen vs ridge, across seeds and systems
==========================================================================
       WQ beta=1.0  N=  6000:  halfset beats best-tuned-ridge 0/5;  mean RMSE ratio = 1.571
       WQ beta=1.0  N= 15000:  halfset beats best-tuned-ridge 0/5;  mean RMSE ratio = 1.242
      WQ beta=1.25  N=  6000:  halfset beats best-tuned-ridge 0/5;  mean RMSE ratio = 1.434
      WQ beta=1.25  N= 15000:  halfset beats best-tuned-ridge 0/5;  mean RMSE ratio = 1.194
    DoubleWell b=1  N=  6000:  halfset beats best-tuned-ridge 0/5;  mean RMSE ratio = 1.150
    DoubleWell b=1  N= 15000:  halfset beats best-tuned-ridge 0/5;  mean RMSE ratio = 1.111

==========================================================================
(3) FEATURE MASK STRESS TEST: informative subspace NOT axis-aligned
==========================================================================
  d=12  axis-aligned:  pass1 RMSE=0.0960   mask-top2 RMSE=0.0700 ( 1.37x)   LDA RMSE=0.0291 ( 3.30x)   top-2 feats=[0, 1]
  d=12       rotated:  pass1 RMSE=0.1218   mask-top2 RMSE=0.2686 ( 0.45x)   LDA RMSE=0.0302 ( 4.04x)   top-2 feats=[9, 3]
  d=24  axis-aligned:  pass1 RMSE=0.1274   mask-top2 RMSE=0.0700 ( 1.82x)   LDA RMSE=0.0576 ( 2.21x)   top-2 feats=[0, 1]
  d=24       rotated:  pass1 RMSE=0.1459   mask-top2 RMSE=0.5679 ( 0.26x)   LDA RMSE=0.0555 ( 2.63x)   top-2 feats=[18, 12]
