==========================================================================
(1) BRACKET:  is  1/h_train <= nu <= 1/h_test ?
==========================================================================
/usr/local/lib/python3.11/dist-packages/numpy/_core/fromnumeric.py:3824: RuntimeWarning: Mean of empty slice
  return _methods._mean(a, axis=axis, dtype=dtype,
/usr/local/lib/python3.11/dist-packages/numpy/_core/_methods.py:142: RuntimeWarning: invalid value encountered in scalar divide
  ret = ret.dtype.type(ret / rcount)
       WQ beta=1.0  N= 15000:  brackets 0/5   1/h_tr = nan nu, 1/h_te = nan nu
       WQ beta=1.0  N= 60000:  brackets 3/5   1/h_tr = 0.862 nu, 1/h_te = 1.157 nu
      WQ beta=1.25  N= 15000:  brackets 0/5   1/h_tr = nan nu, 1/h_te = nan nu
      WQ beta=1.25  N= 60000:  brackets 3/5   1/h_tr = 0.734 nu, 1/h_te = 2.261 nu
    DoubleWell b=1  N= 15000:  brackets 2/5   1/h_tr = 1.006 nu, 1/h_te = 1.077 nu
    DoubleWell b=1  N= 60000:  brackets 0/5   1/h_tr = 1.042 nu, 1/h_te = 1.047 nu
  TOTAL: 8 bracketed, 22 failed

==========================================================================
(2) REGULARIZER: halfset-eigen vs ridge, across seeds and systems
==========================================================================
       WQ beta=1.0  N=  6000:  halfset beats best-tuned-ridge 5/5;  mean RMSE ratio = 0.494
       WQ beta=1.0  N= 15000:  halfset beats best-tuned-ridge 5/5;  mean RMSE ratio = 0.920
      WQ beta=1.25  N=  6000:  halfset beats best-tuned-ridge 5/5;  mean RMSE ratio = 0.492
      WQ beta=1.25  N= 15000:  halfset beats best-tuned-ridge 5/5;  mean RMSE ratio = 0.672
    DoubleWell b=1  N=  6000:  halfset beats best-tuned-ridge 0/5;  mean RMSE ratio = 1.085
    DoubleWell b=1  N= 15000:  halfset beats best-tuned-ridge 0/5;  mean RMSE ratio = 1.150

==========================================================================
(3) FEATURE MASK STRESS TEST: informative subspace NOT axis-aligned
==========================================================================
  d=12  axis-aligned:  pass1 RMSE=0.0960   mask-top2 RMSE=0.0036 (26.75x)   LDA RMSE=0.0277 ( 3.47x)   top-2 feats=[0, 1]
  d=12       rotated:  pass1 RMSE=0.1217   mask-top2 RMSE=0.2686 ( 0.45x)   LDA RMSE=0.0299 ( 4.07x)   top-2 feats=[9, 3]
  d=24  axis-aligned:  pass1 RMSE=0.1273   mask-top2 RMSE=0.0036 (35.48x)   LDA RMSE=0.0576 ( 2.21x)   top-2 feats=[0, 1]
  d=24       rotated:  pass1 RMSE=0.1458   mask-top2 RMSE=0.5679 ( 0.26x)   LDA RMSE=0.0555 ( 2.63x)   top-2 feats=[18, 12]
