============================================================================================
(1) split-free permutation rank rule vs halfset rule  (rotated basis)
============================================================================================
   d   halfset r   halfset RMSE    perm r    perm RMSE   perm nu
  12   [2, 2, 2]         0.0111 [7, 5, 3]       0.0063     0.964
  24   [2, 3, 3]         0.0078 [16, 6, 7]       0.0065     0.956
  48   [3, 3, 3]         0.0087 [4, 5, 4]       0.0087     1.006
  96   [3, 3, 2]         0.0112 [5, 5, 4]       0.0105     1.011

============================================================================================
(2) reweighted (biased) ensemble: samples from pi^alpha, MBAR-style weights w ~ pi^(1-alpha)
============================================================================================
   d  alpha    N_eff   weighted RMSE  weighted nu   IGNORING w       nu
  24   0.70    17329          0.0098        0.954       0.0298    2.752
  24   0.50    13161          0.0100        1.015       0.0747    4.970
  48   0.70    17329          0.0135        0.986       0.0308    2.728
  48   0.50    13161          0.0126        1.027       0.0729    4.989

============================================================================================
(3) time-correlated frames: what does having no frame ordering cost?
============================================================================================
correlated frames: 60000, tau_int ~ 55 thinned frames
           random split (no ordering used): RMSE=0.0058  nu ratio=1.065  ranks=[8, 8, 5]
     block split, len 100 (needs ordering): RMSE=0.0062  nu ratio=1.093  ranks=[8, 8, 5]
   whole-trajectory split (needs ordering): RMSE=0.0057  nu ratio=1.109  ranks=[8, 8, 5]
